#ABB2BF        [
#D19A66        00
#ABB2BF        :
#D19A66        20
#ABB2BF        .
#D19A66        104
#ABB2BF        ] {
#56B6C2        笑顔
#ABB2BF        }(
#E5C07B        えがお
#ABB2BF        )の{
#56B6C2        魔法
#ABB2BF        }(
#E5C07B        まほう
#ABB2BF        )が{
#56B6C2        使
#ABB2BF        }(
#E5C07B        つか
#ABB2BF        )えなくなった{
#56B6C2        時
#ABB2BF        }(
#E5C07B        とき
#ABB2BF        )
#ABB2BF        [
#D19A66        00
#ABB2BF        :
#D19A66        26
#ABB2BF        .
#D19A66        485
#ABB2BF        ] {
#56B6C2        夜空
#ABB2BF        }(
#E5C07B        よぞら
#ABB2BF        )の{
#56B6C2        向
#ABB2BF        }(
#E5C07B        む
#ABB2BF        )こうへ{
#56B6C2        話
#ABB2BF        }(
#E5C07B        はな
#ABB2BF        )しかけてみる
#ABB2BF        [
#D19A66        00
#ABB2BF        :
#D19A66        32
#ABB2BF        .
#D19A66        854
#ABB2BF        ] {
#56B6C2        私
#ABB2BF        }(
#E5C07B        わたし
#ABB2BF        )の{
#56B6C2        目
#ABB2BF        }(
#E5C07B        め
#ABB2BF        )の{
#56B6C2        高
#ABB2BF        }(
#E5C07B        たか
#ABB2BF        )さが{
#56B6C2        低
#ABB2BF        }(
#E5C07B        ひく
#ABB2BF        )すぎるせいで
#ABB2BF        [
#D19A66        00
#ABB2BF        :
#D19A66        38
#ABB2BF        .
#D19A66        436
#ABB2BF        ] {
#56B6C2        誰
#ABB2BF        }(
#E5C07B        だれ
#ABB2BF        )かの{
#56B6C2        優
#ABB2BF        }(
#E5C07B        やさ
#ABB2BF        )しさに{
#56B6C2        素直
#ABB2BF        }(
#E5C07B        すなお
#ABB2BF        )になれない
#ABB2BF        [
#D19A66        00
#ABB2BF        :
#D19A66        45
#ABB2BF        .
#D19A66        883
#ABB2BF        ] そんな{
#56B6C2        時
#ABB2BF        }(
#E5C07B        とき
#ABB2BF        )はこうして
#ABB2BF        [
#D19A66        00
#ABB2BF        :
#D19A66        49
#ABB2BF        .
#D19A66        053
#ABB2BF        ] {
#56B6C2        空
#ABB2BF        }(
#E5C07B        そら
#ABB2BF        )を{
#56B6C2        見
#ABB2BF        }(
#E5C07B        み
#ABB2BF        )つめるよ
#ABB2BF        [
#D19A66        00
#ABB2BF        :
#D19A66        51
#ABB2BF        .
#D19A66        183
#ABB2BF        ] {
#56B6C2        出逢
#ABB2BF        }(
#E5C07B        であ
#ABB2BF        )った{
#56B6C2        全
#ABB2BF        }(
#E5C07B        すべ
#ABB2BF        )ての「{
#56B6C2        出会
#ABB2BF        }(
#E5C07B        であ
#ABB2BF        )い」が
#ABB2BF        [
#D19A66        00
#ABB2BF        :
#D19A66        56
#ABB2BF        .
#D19A66        232
#ABB2BF        ] {
#56B6C2        素敵
#ABB2BF        }(
#E5C07B        すてき
#ABB2BF        )と{
#56B6C2        感
#ABB2BF        }(
#E5C07B        かん
#ABB2BF        )じられたら
#ABB2BF        [
#D19A66        01
#ABB2BF        :
#D19A66        04
#ABB2BF        .
#D19A66        193
#ABB2BF        ] {
#56B6C2        銀色
#ABB2BF        }(
#E5C07B        ぎんいろ
#ABB2BF        )の{
#56B6C2        風
#ABB2BF        }(
#E5C07B        かぜ
#ABB2BF        )が{
#56B6C2        吹
#ABB2BF        }(
#E5C07B        ふ
#ABB2BF        )く
#ABB2BF        [
#D19A66        01
#ABB2BF        :
#D19A66        07
#ABB2BF        .
#D19A66        323
#ABB2BF        ] この{
#56B6C2        星
#ABB2BF        }(
#E5C07B        ほし
#ABB2BF        )に{
#56B6C2        包
#ABB2BF        }(
#E5C07B        つつ
#ABB2BF        )まれて
#ABB2BF        [
#D19A66        01
#ABB2BF        :
#D19A66        10
#ABB2BF        .
#D19A66        834
#ABB2BF        ] {
#56B6C2        愛
#ABB2BF        }(
#E5C07B        いと
#ABB2BF        )しさの{
#56B6C2        意味
#ABB2BF        }(
#E5C07B        いみ
#ABB2BF        )を{
#56B6C2        知
#ABB2BF        }(
#E5C07B        し
#ABB2BF        )った
#ABB2BF        [
#D19A66        01
#ABB2BF        :
#D19A66        14
#ABB2BF        .
#D19A66        026
#ABB2BF        ] {
#56B6C2        涙
#ABB2BF        }(
#E5C07B        なみだ
#ABB2BF        )の{
#56B6C2        意味
#ABB2BF        }(
#E5C07B        いみ
#ABB2BF        )だって
#ABB2BF        [
#D19A66        01
#ABB2BF        :
#D19A66        16
#ABB2BF        .
#D19A66        954
#ABB2BF        ] みんなが{
#56B6C2        手
#ABB2BF        }(
#E5C07B        て
#ABB2BF        )を{
#56B6C2        繋
#ABB2BF        }(
#E5C07B        つな
#ABB2BF        )ぐ{
#56B6C2        場所
#ABB2BF        }(
#E5C07B        ばしょ
#ABB2BF        )
#ABB2BF        [
#D19A66        01
#ABB2BF        :
#D19A66        20
#ABB2BF        .
#D19A66        130
#ABB2BF        ] {
#56B6C2        輝
#ABB2BF        }(
#E5C07B        かがや
#ABB2BF        )きは{
#56B6C2        広
#ABB2BF        }(
#E5C07B        ひろ
#ABB2BF        )がって
#ABB2BF        [
#D19A66        01
#ABB2BF        :
#D19A66        23
#ABB2BF        .
#D19A66        583
#ABB2BF        ] {
#56B6C2        遥
#ABB2BF        }(
#E5C07B        はる
#ABB2BF        )かなる bright {
#56B6C2        時空
#ABB2BF        }(
#E5C07B        とき
#ABB2BF        )の{
#56B6C2        旅人
#ABB2BF        }(
#E5C07B        たびびと
#ABB2BF        )